SnarkFileTimeRecord{dateTime=2016-08-21T10:21}
SnarkFileTimeRecord{dateTime=2016-08-21T12:00}
SnarkFileTimeRecord{dateTime=2016-08-21T13:00}
SnarkFileArrivalRecord{time=17:57, channel=33}
SnarkFileWeightRecord{time=18:00, weight=1415, quality=249}
SnarkFileWeightRecord{time=18:02, weight=1415, quality=249}
SnarkFileWeightRecord{time=18:04, weight=1419, quality=238}
SnarkFileWeightRecord{time=18:07, weight=1415, quality=248}
SnarkFileWeightRecord{time=18:10, weight=1419, quality=248}
SnarkFileWeightRecord{time=18:12, weight=1423, quality=255}
SnarkFileWeightRecord{time=18:16, weight=1423, quality=240}
SnarkFileWeightRecord{time=18:19, weight=1415, quality=255}
SnarkFileWeightRecord{time=18:23, weight=1427, quality=247}
SnarkFileWeightRecord{time=18:28, weight=1431, quality=242}
SnarkFileWeightRecord{time=18:32, weight=1435, quality=239}
SnarkFileWeightRecord{time=18:37, weight=1435, quality=236}
SnarkFileWeightRecord{time=18:42, weight=1443, quality=237}
SnarkFileWeightRecord{time=18:47, weight=1443, quality=239}
SnarkFileArrivalRecord{time=18:49, channel=49}
SnarkFileDepartureRecord{time=18:49, channel=49}
SnarkFileArrivalRecord{time=18:53, channel=49}
SnarkFileDepartureRecord{time=18:50, channel=33}
SnarkFileWeightRecord{time=18:56, weight=2192, quality=245}
SnarkFileWeightRecord{time=18:57, weight=2192, quality=255}
SnarkFileWeightRecord{time=19:00, weight=2196, quality=247}
SnarkFileWeightRecord{time=19:03, weight=2196, quality=241}
SnarkFileWeightRecord{time=19:05, weight=2196, quality=255}
SnarkFileWeightRecord{time=19:08, weight=2196, quality=255}
SnarkFileWeightRecord{time=19:11, weight=2200, quality=255}
SnarkFileWeightRecord{time=19:15, weight=2200, quality=255}
SnarkFileWeightRecord{time=19:19, weight=2204, quality=241}
SnarkFileWeightRecord{time=19:23, weight=2204, quality=255}
SnarkFileWeightRecord{time=19:27, weight=2204, quality=255}
SnarkFileWeightRecord{time=19:32, weight=2208, quality=255}
SnarkFileWeightRecord{time=19:36, weight=2208, quality=255}
SnarkFileWeightRecord{time=19:41, weight=2208, quality=239}
SnarkFileWeightRecord{time=19:46, weight=2212, quality=255}
SnarkFileWeightRecord{time=19:51, weight=2212, quality=255}
SnarkFileArrivalRecord{time=20:03, channel=33}
SnarkFileWeightRecord{time=20:05, weight=2220, quality=239}
SnarkFileWeightRecord{time=20:06, weight=2220, quality=164}
SnarkFileDepartureRecord{time=20:06, channel=33}
SnarkFileArrivalRecord{time=20:10, channel=33}
SnarkFileDepartureRecord{time=20:10, channel=33}
SnarkFileDepartureRecord{time=20:12, channel=49}
SnarkFileArrivalRecord{time=20:17, channel=49}
SnarkFileWeightRecord{time=20:25, weight=2220, quality=240}
SnarkFileWeightRecord{time=20:28, weight=2220, quality=107}
SnarkFileArrivalRecord{time=20:30, channel=33}
SnarkFileWeightRecord{time=20:35, weight=1391, quality=23}
SnarkFileDepartureRecord{time=21:05, channel=49}
SnarkFileArrivalRecord{time=21:09, channel=49}
SnarkFileDepartureRecord{time=21:12, channel=33}
SnarkFileDepartureRecord{time=21:13, channel=49}
SnarkFileArrivalRecord{time=23:37, channel=33}
SnarkFileWeightRecord{time=23:41, weight=1435, quality=243}
SnarkFileWeightRecord{time=23:43, weight=1427, quality=233}
SnarkFileWeightRecord{time=23:46, weight=1447, quality=235}
SnarkFileWeightRecord{time=23:49, weight=1455, quality=235}
SnarkFileWeightRecord{time=23:52, weight=1463, quality=233}
SnarkFileWeightRecord{time=23:55, weight=1467, quality=232}
SnarkFileTimeRecord{dateTime=2016-08-22T00:00}
SnarkFileWeightRecord{time=00:00, weight=1471, quality=237}
SnarkFileWeightRecord{time=00:04, weight=1483, quality=225}
SnarkFileWeightRecord{time=00:07, weight=1483, quality=249}
SnarkFileWeightRecord{time=00:09, weight=1483, quality=179}
SnarkFileArrivalRecord{time=00:09, channel=49}
SnarkFileDepartureRecord{time=00:09, channel=33}
SnarkFileDepartureRecord{time=00:09, channel=49}
SnarkFileArrivalRecord{time=00:15, channel=49}
SnarkFileWeightRecord{time=00:16, weight=2204, quality=36}
SnarkFileWeightRecord{time=00:21, weight=2216, quality=248}
SnarkFileWeightRecord{time=00:23, weight=2220, quality=249}
SnarkFileWeightRecord{time=00:26, weight=2220, quality=239}
SnarkFileWeightRecord{time=00:29, weight=2224, quality=249}
SnarkFileWeightRecord{time=00:33, weight=2232, quality=255}
SnarkFileWeightRecord{time=00:35, weight=2228, quality=255}
SnarkFileWeightRecord{time=00:37, weight=2232, quality=255}
SnarkFileWeightRecord{time=00:41, weight=2232, quality=245}
SnarkFileWeightRecord{time=00:44, weight=2236, quality=255}
SnarkFileWeightRecord{time=00:48, weight=2236, quality=255}
SnarkFileWeightRecord{time=00:54, weight=2236, quality=248}
SnarkFileWeightRecord{time=00:56, weight=2236, quality=147}
SnarkFileWeightRecord{time=01:03, weight=426, quality=42}
SnarkFileWeightRecord{time=01:05, weight=2248, quality=248}
SnarkFileWeightRecord{time=01:06, weight=2248, quality=255}
SnarkFileWeightRecord{time=01:08, weight=2252, quality=255}
SnarkFileWeightRecord{time=01:11, weight=2248, quality=255}
SnarkFileWeightRecord{time=01:14, weight=2244, quality=239}
SnarkFileWeightRecord{time=01:17, weight=2244, quality=247}
SnarkFileWeightRecord{time=01:23, weight=2240, quality=248}
SnarkFileDepartureRecord{time=01:33, channel=49}
SnarkFileArrivalRecord{time=02:39, channel=49}
SnarkFileArrivalRecord{time=02:50, channel=33}
SnarkFileDepartureRecord{time=02:51, channel=49}
SnarkFileDepartureRecord{time=02:51, channel=33}
SnarkFileArrivalRecord{time=03:14, channel=49}
SnarkFileDepartureRecord{time=04:15, channel=49}
SnarkFileArrivalRecord{time=06:17, channel=33}
SnarkFileDepartureRecord{time=08:14, channel=33}
SnarkFileTimeRecord{dateTime=2016-08-22T12:00}
SnarkFileTimeRecord{dateTime=2016-08-22T13:00}
SnarkFileArrivalRecord{time=18:58, channel=49}
SnarkFileWeightRecord{time=19:02, weight=2232, quality=233}
SnarkFileWeightRecord{time=19:03, weight=2236, quality=255}
SnarkFileWeightRecord{time=19:05, weight=2236, quality=255}
SnarkFileWeightRecord{time=19:07, weight=2236, quality=255}
SnarkFileWeightRecord{time=19:10, weight=2236, quality=241}
SnarkFileWeightRecord{time=19:14, weight=2236, quality=247}
SnarkFileWeightRecord{time=19:21, weight=2236, quality=230}
SnarkFileWeightRecord{time=19:23, weight=2236, quality=255}
SnarkFileWeightRecord{time=19:25, weight=2236, quality=215}
SnarkFileWeightRecord{time=19:27, weight=2236, quality=255}
SnarkFileDepartureRecord{time=19:27, channel=49}
SnarkFileArrivalRecord{time=20:32, channel=33}
SnarkFileWeightRecord{time=20:48, weight=1371, quality=233}
SnarkFileWeightRecord{time=20:50, weight=1375, quality=245}
SnarkFileWeightRecord{time=20:52, weight=1375, quality=243}
SnarkFileWeightRecord{time=20:54, weight=1379, quality=243}
SnarkFileWeightRecord{time=20:57, weight=1379, quality=240}
SnarkFileWeightRecord{time=20:59, weight=1379, quality=250}
SnarkFileWeightRecord{time=21:02, weight=1383, quality=234}
SnarkFileWeightRecord{time=21:06, weight=1383, quality=255}
SnarkFileWeightRecord{time=21:09, weight=1387, quality=237}
SnarkFileWeightRecord{time=21:13, weight=1391, quality=247}
SnarkFileWeightRecord{time=21:18, weight=1395, quality=247}
SnarkFileWeightRecord{time=21:23, weight=1399, quality=248}
SnarkFileWeightRecord{time=21:27, weight=1403, quality=242}
SnarkFileWeightRecord{time=21:32, weight=1407, quality=238}
SnarkFileWeightRecord{time=21:36, weight=1411, quality=237}
SnarkFileWeightRecord{time=21:41, weight=1415, quality=241}
SnarkFileWeightRecord{time=21:45, weight=1415, quality=243}
SnarkFileWeightRecord{time=21:50, weight=1419, quality=245}
SnarkFileWeightRecord{time=21:55, weight=1423, quality=238}
SnarkFileWeightRecord{time=22:00, weight=1423, quality=230}
SnarkFileWeightRecord{time=22:05, weight=1431, quality=218}
SnarkFileWeightRecord{time=22:09, weight=1435, quality=246}
SnarkFileWeightRecord{time=22:14, weight=1443, quality=229}
SnarkFileDepartureRecord{time=22:15, channel=33}
SnarkFileArrivalRecord{time=22:28, channel=49}
SnarkFileWeightRecord{time=22:29, weight=2248, quality=105}
SnarkFileWeightRecord{time=22:30, weight=454, quality=6}
SnarkFileWeightRecord{time=22:31, weight=1283, quality=5}
SnarkFileWeightRecord{time=22:38, weight=2244, quality=108}
SnarkFileWeightRecord{time=22:40, weight=2244, quality=192}
SnarkFileWeightRecord{time=22:42, weight=2244, quality=117}
SnarkFileWeightRecord{time=22:47, weight=2244, quality=223}
SnarkFileWeightRecord{time=22:49, weight=2244, quality=52}
SnarkFileWeightRecord{time=23:00, weight=2256, quality=82}
SnarkFileDepartureRecord{time=23:36, channel=49}
SnarkFileTimeRecord{dateTime=2016-08-23T00:00}
SnarkFileArrivalRecord{time=00:39, channel=49}
SnarkFileDepartureRecord{time=00:40, channel=49}
SnarkFileArrivalRecord{time=02:53, channel=49}
SnarkFileWeightRecord{time=02:55, weight=2264, quality=47}
SnarkFileDepartureRecord{time=03:01, channel=49}
SnarkFileArrivalRecord{time=03:20, channel=49}
SnarkFileDepartureRecord{time=03:28, channel=49}
SnarkFileArrivalRecord{time=06:48, channel=33}
SnarkFileWeightRecord{time=06:50, weight=1439, quality=248}
SnarkFileWeightRecord{time=06:52, weight=1439, quality=255}
SnarkFileWeightRecord{time=06:54, weight=1439, quality=249}
SnarkFileWeightRecord{time=06:56, weight=1443, quality=249}
SnarkFileWeightRecord{time=06:58, weight=1443, quality=244}
SnarkFileWeightRecord{time=07:01, weight=1447, quality=238}
SnarkFileWeightRecord{time=07:04, weight=1451, quality=212}
SnarkFileWeightRecord{time=07:08, weight=1455, quality=239}
SnarkFileWeightRecord{time=07:12, weight=1455, quality=241}
SnarkFileWeightRecord{time=07:16, weight=1459, quality=250}
SnarkFileWeightRecord{time=07:22, weight=1463, quality=243}
SnarkFileWeightRecord{time=07:28, weight=1459, quality=240}
SnarkFileWeightRecord{time=07:34, weight=1467, quality=245}
SnarkFileWeightRecord{time=07:38, weight=1475, quality=244}
SnarkFileWeightRecord{time=07:45, weight=1467, quality=237}
SnarkFileWeightRecord{time=07:51, weight=1483, quality=245}
SnarkFileWeightRecord{time=07:57, weight=1475, quality=239}
SnarkFileWeightRecord{time=08:02, weight=1487, quality=252}
SnarkFileWeightRecord{time=08:06, weight=1487, quality=255}
SnarkFileDepartureRecord{time=08:11, channel=33}
SnarkFileTimeRecord{dateTime=2016-08-23T12:00}
SnarkFileTimeRecord{dateTime=2016-08-23T13:00}
SnarkFileArrivalRecord{time=18:57, channel=49}
SnarkFileWeightRecord{time=18:59, weight=2208, quality=60}
SnarkFileArrivalRecord{time=19:02, channel=36}
SnarkFileWeightRecord{time=19:02, weight=2212, quality=230}
SnarkFileDepartureRecord{time=19:02, channel=36}
SnarkFileWeightRecord{time=19:08, weight=2212, quality=178}
SnarkFileWeightRecord{time=19:11, weight=2212, quality=170}
SnarkFileWeightRecord{time=19:14, weight=2212, quality=205}
SnarkFileWeightRecord{time=19:17, weight=2220, quality=145}
SnarkFileDepartureRecord{time=19:18, channel=49}
SnarkFileArrivalRecord{time=19:26, channel=33}
SnarkFileArrivalRecord{time=19:31, channel=49}
SnarkFileWeightRecord{time=19:35, weight=2220, quality=255}
SnarkFileWeightRecord{time=19:36, weight=2220, quality=255}
SnarkFileDepartureRecord{time=19:33, channel=33}
SnarkFileWeightRecord{time=19:37, weight=2224, quality=88}
SnarkFileArrivalRecord{time=19:37, channel=33}
SnarkFileDepartureRecord{time=19:54, channel=33}
SnarkFileArrivalRecord{time=20:54, channel=33}
SnarkFileDepartureRecord{time=21:01, channel=33}
SnarkFileArrivalRecord{time=21:07, channel=33}
SnarkFileDepartureRecord{time=21:10, channel=33}
SnarkFileArrivalRecord{time=21:15, channel=33}
SnarkFileDepartureRecord{time=21:16, channel=33}
SnarkFileWeightRecord{time=21:35, weight=2224, quality=250}
SnarkFileWeightRecord{time=21:37, weight=2224, quality=255}
SnarkFileWeightRecord{time=21:40, weight=2228, quality=99}
SnarkFileDepartureRecord{time=21:42, channel=49}
SnarkFileArrivalRecord{time=22:18, channel=33}
SnarkFileDepartureRecord{time=23:18, channel=33}
SnarkFileArrivalRecord{time=23:56, channel=33}
SnarkFileDepartureRecord{time=23:56, channel=33}
SnarkFileTimeRecord{dateTime=2016-08-24T00:00}
SnarkFileArrivalRecord{time=00:14, channel=33}
SnarkFileWeightRecord{time=00:30, weight=1383, quality=218}
SnarkFileWeightRecord{time=00:31, weight=1383, quality=237}
SnarkFileWeightRecord{time=00:33, weight=1387, quality=219}
SnarkFileWeightRecord{time=00:35, weight=1387, quality=255}
SnarkFileWeightRecord{time=00:37, weight=1391, quality=244}
SnarkFileWeightRecord{time=00:40, weight=1391, quality=248}
SnarkFileWeightRecord{time=00:43, weight=1395, quality=245}
SnarkFileWeightRecord{time=00:47, weight=1395, quality=235}
SnarkFileWeightRecord{time=00:50, weight=1399, quality=250}
SnarkFileWeightRecord{time=00:55, weight=1403, quality=226}
SnarkFileWeightRecord{time=00:59, weight=1403, quality=247}
SnarkFileWeightRecord{time=01:03, weight=1407, quality=250}
SnarkFileWeightRecord{time=01:08, weight=1407, quality=228}
SnarkFileWeightRecord{time=01:13, weight=1411, quality=245}
SnarkFileWeightRecord{time=01:17, weight=1415, quality=255}
SnarkFileWeightRecord{time=01:22, weight=1415, quality=199}
SnarkFileWeightRecord{time=01:26, weight=1419, quality=238}
SnarkFileWeightRecord{time=01:31, weight=1419, quality=242}
SnarkFileWeightRecord{time=01:36, weight=1423, quality=233}
SnarkFileWeightRecord{time=01:41, weight=1427, quality=247}
SnarkFileWeightRecord{time=01:45, weight=1427, quality=255}
SnarkFileWeightRecord{time=01:49, weight=1431, quality=247}
SnarkFileWeightRecord{time=01:54, weight=1431, quality=244}
SnarkFileDepartureRecord{time=01:57, channel=33}
SnarkFileArrivalRecord{time=02:23, channel=33}
SnarkFileWeightRecord{time=02:29, weight=1383, quality=230}
SnarkFileWeightRecord{time=02:31, weight=1387, quality=225}
SnarkFileWeightRecord{time=02:33, weight=1387, quality=235}
SnarkFileWeightRecord{time=02:35, weight=1387, quality=233}
SnarkFileWeightRecord{time=02:38, weight=1391, quality=239}
SnarkFileWeightRecord{time=02:40, weight=1391, quality=255}
SnarkFileWeightRecord{time=02:44, weight=1395, quality=236}
SnarkFileWeightRecord{time=02:47, weight=1395, quality=235}
SnarkFileWeightRecord{time=02:51, weight=1395, quality=236}
SnarkFileWeightRecord{time=02:55, weight=1399, quality=240}
SnarkFileWeightRecord{time=03:00, weight=1403, quality=226}
SnarkFileWeightRecord{time=03:05, weight=1403, quality=224}
SnarkFileWeightRecord{time=03:09, weight=1407, quality=240}
SnarkFileWeightRecord{time=03:14, weight=1407, quality=247}
SnarkFileWeightRecord{time=03:18, weight=1411, quality=244}
SnarkFileWeightRecord{time=03:23, weight=1415, quality=228}
SnarkFileWeightRecord{time=03:27, weight=1415, quality=237}
SnarkFileWeightRecord{time=03:31, weight=1419, quality=255}
SnarkFileWeightRecord{time=03:36, weight=1423, quality=244}
SnarkFileWeightRecord{time=03:40, weight=1423, quality=247}
SnarkFileWeightRecord{time=03:44, weight=1427, quality=230}
SnarkFileDepartureRecord{time=03:47, channel=33}
SnarkFileArrivalRecord{time=05:09, channel=49}
SnarkFileWeightRecord{time=05:25, weight=262, quality=32}
SnarkFileWeightRecord{time=05:32, weight=690, quality=95}
SnarkFileWeightRecord{time=05:33, weight=538, quality=25}
SnarkFileWeightRecord{time=05:33, weight=254, quality=7}
SnarkFileWeightRecord{time=05:38, weight=2200, quality=84}
SnarkFileArrivalRecord{time=05:50, channel=33}
SnarkFileWeightRecord{time=05:55, weight=594, quality=4}
SnarkFileWeightRecord{time=05:56, weight=2232, quality=37}
SnarkFileDepartureRecord{time=06:02, channel=33}
SnarkFileDepartureRecord{time=06:04, channel=49}
SnarkFileArrivalRecord{time=06:55, channel=33}
SnarkFileWeightRecord{time=07:01, weight=1379, quality=242}
SnarkFileWeightRecord{time=07:03, weight=1387, quality=244}
SnarkFileWeightRecord{time=07:05, weight=1391, quality=246}
SnarkFileWeightRecord{time=07:08, weight=1391, quality=204}
SnarkFileWeightRecord{time=07:12, weight=1395, quality=226}
SnarkFileWeightRecord{time=07:14, weight=1399, quality=242}
SnarkFileWeightRecord{time=07:19, weight=1407, quality=182}
SnarkFileWeightRecord{time=07:23, weight=1419, quality=204}
SnarkFileWeightRecord{time=07:25, weight=1419, quality=207}
SnarkFileWeightRecord{time=07:27, weight=1419, quality=234}
SnarkFileWeightRecord{time=07:30, weight=1423, quality=242}
SnarkFileWeightRecord{time=07:32, weight=1423, quality=227}
SnarkFileWeightRecord{time=07:35, weight=1423, quality=242}
SnarkFileWeightRecord{time=07:39, weight=1427, quality=205}
SnarkFileWeightRecord{time=07:44, weight=1427, quality=234}
SnarkFileWeightRecord{time=07:47, weight=1427, quality=246}
SnarkFileWeightRecord{time=07:54, weight=1427, quality=137}
SnarkFileWeightRecord{time=07:59, weight=1431, quality=233}
SnarkFileWeightRecord{time=08:03, weight=1407, quality=163}
SnarkFileDepartureRecord{time=08:04, channel=33}
SnarkFileTimeRecord{dateTime=2016-08-24T12:00}
SnarkFileTimeRecord{dateTime=2016-08-24T13:00}
SnarkFileArrivalRecord{time=17:45, channel=33}
SnarkFileWeightRecord{time=17:49, weight=1387, quality=197}
SnarkFileWeightRecord{time=17:51, weight=1391, quality=236}
SnarkFileWeightRecord{time=17:56, weight=1411, quality=252}
SnarkFileWeightRecord{time=17:59, weight=1411, quality=247}
SnarkFileWeightRecord{time=18:01, weight=1407, quality=249}
SnarkFileWeightRecord{time=18:05, weight=1411, quality=246}
SnarkFileWeightRecord{time=18:09, weight=1411, quality=248}
SnarkFileWeightRecord{time=18:15, weight=1427, quality=243}
SnarkFileWeightRecord{time=18:19, weight=1427, quality=255}
SnarkFileWeightRecord{time=18:23, weight=1423, quality=247}
SnarkFileWeightRecord{time=18:28, weight=1427, quality=238}
SnarkFileWeightRecord{time=18:30, weight=1431, quality=237}
SnarkFileWeightRecord{time=18:32, weight=1435, quality=242}
SnarkFileWeightRecord{time=18:35, weight=1435, quality=240}
SnarkFileWeightRecord{time=18:38, weight=1439, quality=215}
SnarkFileWeightRecord{time=18:40, weight=1439, quality=255}
SnarkFileDepartureRecord{time=18:41, channel=33}
SnarkFileArrivalRecord{time=19:02, channel=49}
SnarkFileWeightRecord{time=19:17, weight=2172, quality=116}
SnarkFileWeightRecord{time=19:18, weight=2176, quality=255}
SnarkFileWeightRecord{time=19:20, weight=2172, quality=255}
SnarkFileWeightRecord{time=19:24, weight=2176, quality=184}
SnarkFileDepartureRecord{time=19:40, channel=49}
SnarkFileArrivalRecord{time=20:06, channel=23}
SnarkFileWeightRecord{time=20:12, weight=1203, quality=224}
SnarkFileWeightRecord{time=20:13, weight=1203, quality=105}
SnarkFileWeightRecord{time=20:24, weight=1203, quality=24}
SnarkFileWeightRecord{time=20:29, weight=1203, quality=30}
SnarkFileArrivalRecord{time=21:20, channel=49}
SnarkFileWeightRecord{time=21:22, weight=1199, quality=30}
SnarkFileDepartureRecord{time=21:22, channel=23}
SnarkFileArrivalRecord{time=21:26, channel=23}
SnarkFileDepartureRecord{time=21:23, channel=49}
SnarkFileArrivalRecord{time=21:27, channel=49}
SnarkFileWeightRecord{time=21:29, weight=2192, quality=4}
SnarkFileWeightRecord{time=21:31, weight=2204, quality=4}
SnarkFileDepartureRecord{time=21:34, channel=23}
SnarkFileArrivalRecord{time=21:39, channel=23}
SnarkFileDepartureRecord{time=21:41, channel=23}
SnarkFileDepartureRecord{time=21:48, channel=49}
SnarkFileArrivalRecord{time=21:52, channel=49}
SnarkFileDepartureRecord{time=22:00, channel=49}
SnarkFileArrivalRecord{time=22:14, channel=49}
SnarkFileDepartureRecord{time=22:17, channel=49}
SnarkFileArrivalRecord{time=22:28, channel=49}
SnarkFileDepartureRecord{time=23:11, channel=49}
SnarkFileTimeRecord{dateTime=2016-08-25T00:00}
SnarkFileArrivalRecord{time=03:55, channel=49}
SnarkFileWeightRecord{time=03:55, weight=2184, quality=11}
SnarkFileWeightRecord{time=04:00, weight=2236, quality=29}
SnarkFileArrivalRecord{time=04:25, channel=33}
SnarkFileDepartureRecord{time=04:25, channel=33}
SnarkFileArrivalRecord{time=04:30, channel=33}
SnarkFileWeightRecord{time=04:33, weight=2236, quality=17}
SnarkFileDepartureRecord{time=04:38, channel=49}
SnarkFileWeightRecord{time=05:18, weight=1411, quality=193}
SnarkFileWeightRecord{time=05:20, weight=1415, quality=186}
SnarkFileDepartureRecord{time=05:20, channel=33}
SnarkFileArrivalRecord{time=05:24, channel=49}
SnarkFileWeightRecord{time=05:31, weight=2240, quality=150}
SnarkFileWeightRecord{time=05:33, weight=2240, quality=39}
SnarkFileDepartureRecord{time=05:37, channel=49}
SnarkFileArrivalRecord{time=06:41, channel=33}
SnarkFileWeightRecord{time=06:44, weight=1455, quality=216}
SnarkFileWeightRecord{time=06:46, weight=1455, quality=225}
SnarkFileWeightRecord{time=06:48, weight=1459, quality=230}
SnarkFileWeightRecord{time=06:51, weight=1463, quality=229}
SnarkFileWeightRecord{time=06:54, weight=1467, quality=192}
SnarkFileWeightRecord{time=06:56, weight=1467, quality=246}
SnarkFileWeightRecord{time=07:00, weight=1471, quality=246}
SnarkFileWeightRecord{time=07:04, weight=1471, quality=231}
SnarkFileWeightRecord{time=07:07, weight=1471, quality=255}
SnarkFileWeightRecord{time=07:11, weight=1475, quality=242}
SnarkFileWeightRecord{time=07:16, weight=1475, quality=242}
SnarkFileWeightRecord{time=07:20, weight=1479, quality=247}
SnarkFileWeightRecord{time=07:25, weight=1483, quality=242}
SnarkFileWeightRecord{time=07:30, weight=1483, quality=232}
SnarkFileWeightRecord{time=07:35, weight=1491, quality=235}
SnarkFileWeightRecord{time=07:41, weight=1487, quality=227}
SnarkFileWeightRecord{time=07:45, weight=1487, quality=243}
SnarkFileWeightRecord{time=07:51, weight=1491, quality=225}
SnarkFileWeightRecord{time=07:57, weight=1507, quality=229}
SnarkFileWeightRecord{time=07:58, weight=1507, quality=82}
SnarkFileDepartureRecord{time=07:58, channel=33}
SnarkFileTimeRecord{dateTime=2016-08-25T12:00}
