Snark Records
evening=2016-10-23
SnarkRecordEntity{arriveDateTime=2016-10-23T19:28, birdCert='Definitely', birdID='converted_id_for_35', departDateTime=2016-10-23T20:54, mating=null, weight=1.456}
SnarkRecordEntity{arriveDateTime=2016-10-23T23:01, birdCert='Definitely', birdID='converted_id_for_35', departDateTime=2016-10-24T00:18, mating=null, weight=null}
SnarkRecordEntity{arriveDateTime=2016-10-24T03:15, birdCert='Definitely', birdID='converted_id_for_35', departDateTime=2016-10-24T04:24, mating=null, weight=null}
SnarkRecordEntity{arriveDateTime=2016-10-23T21:48, birdCert='Definitely', birdID='converted_id_for_61', departDateTime=2016-10-23T21:48, mating=null, weight=null}
evening=2016-10-24
SnarkRecordEntity{arriveDateTime=2016-10-24T19:35, birdCert='Definitely', birdID='converted_id_for_35', departDateTime=2016-10-24T20:57, mating=null, weight=1.376}
SnarkRecordEntity{arriveDateTime=2016-10-24T22:17, birdCert='Definitely', birdID='converted_id_for_35', departDateTime=2016-10-25T00:41, mating=null, weight=null}
SnarkRecordEntity{arriveDateTime=2016-10-25T03:03, birdCert='Definitely', birdID='converted_id_for_35', departDateTime=2016-10-25T04:25, mating=null, weight=null}
SnarkRecordEntity{arriveDateTime=2016-10-25T05:04, birdCert='Definitely', birdID='converted_id_for_35', departDateTime=2016-10-25T05:40, mating=null, weight=null}
SnarkRecordEntity{arriveDateTime=2016-10-25T05:08, birdCert='Definitely', birdID='converted_id_for_61', departDateTime=2016-10-25T05:17, mating=null, weight=null}
evening=2016-10-25
SnarkRecordEntity{arriveDateTime=2016-10-25T19:41, birdCert='Definitely', birdID='converted_id_for_35', departDateTime=2016-10-25T20:13, mating=null, weight=1.391}
SnarkRecordEntity{arriveDateTime=2016-10-25T20:27, birdCert='Definitely', birdID='converted_id_for_35', departDateTime=2016-10-25T22:06, mating=null, weight=null}
SnarkRecordEntity{arriveDateTime=2016-10-26T04:19, birdCert='Definitely', birdID='converted_id_for_35', departDateTime=2016-10-26T05:15, mating=null, weight=null}
SnarkRecordEntity{arriveDateTime=2016-10-25T22:31, birdCert='Definitely', birdID='converted_id_for_92', departDateTime=2016-10-26T01:26, mating=null, weight=2.3595}
SnarkRecordEntity{arriveDateTime=2016-10-26T02:14, birdCert='Definitely', birdID='converted_id_for_92', departDateTime=2016-10-26T02:57, mating=null, weight=null}
SnarkRecordEntity{arriveDateTime=2016-10-25T20:13, birdCert='Definitely', birdID='converted_id_for_61', departDateTime=2016-10-25T20:14, mating=null, weight=null}
SnarkRecordEntity{arriveDateTime=2016-10-26T05:14, birdCert='Definitely', birdID='converted_id_for_61', departDateTime=2016-10-26T05:14, mating=null, weight=null}
evening=2016-10-26
SnarkRecordEntity{arriveDateTime=2016-10-26T22:28, birdCert='Definitely', birdID='converted_id_for_34', departDateTime=2016-10-26T22:30, mating=null, weight=null}
SnarkRecordEntity{arriveDateTime=2016-10-26T19:47, birdCert='Definitely', birdID='converted_id_for_35', departDateTime=2016-10-26T22:07, mating=null, weight=1.419}
SnarkRecordEntity{arriveDateTime=2016-10-27T01:00, birdCert='Definitely', birdID='converted_id_for_35', departDateTime=2016-10-27T03:01, mating=null, weight=null}
SnarkRecordEntity{arriveDateTime=2016-10-27T05:31, birdCert='Definitely', birdID='converted_id_for_35', departDateTime=2016-10-27T05:44, mating=null, weight=null}
SnarkRecordEntity{arriveDateTime=2016-10-26T22:08, birdCert='Definitely', birdID='converted_id_for_92', departDateTime=2016-10-26T22:30, mating=null, weight=null}
SnarkRecordEntity{arriveDateTime=2016-10-26T23:34, birdCert='Definitely', birdID='converted_id_for_92', departDateTime=2016-10-27T00:30, mating=null, weight=2.342}
SnarkRecordEntity{arriveDateTime=2016-10-27T04:13, birdCert='Definitely', birdID='converted_id_for_92', departDateTime=2016-10-27T04:50, mating=null, weight=null}
Mystery Weights
