Snark Records
evening=2016-08-29
SnarkRecordEntity{arriveDateTime=2016-08-29T17:49, birdCert='Definitely', birdID='converted_id_for_33', departDateTime=2016-08-29T18:50, mating=null, weight=1.435}
SnarkRecordEntity{arriveDateTime=2016-08-29T23:15, birdCert='Definitely', birdID='converted_id_for_33', departDateTime=2016-08-30T00:11, mating=null, weight=null}
SnarkRecordEntity{arriveDateTime=2016-08-30T00:31, birdCert='Definitely', birdID='converted_id_for_33', departDateTime=2016-08-30T01:44, mating=null, weight=null}
SnarkRecordEntity{arriveDateTime=2016-08-30T05:05, birdCert='Definitely', birdID='converted_id_for_33', departDateTime=2016-08-30T05:19, mating=null, weight=null}
SnarkRecordEntity{arriveDateTime=2016-08-30T06:25, birdCert='Definitely', birdID='converted_id_for_33', departDateTime=2016-08-30T08:33, mating=null, weight=null}
SnarkRecordEntity{arriveDateTime=2016-08-29T18:50, birdCert='Definitely', birdID='converted_id_for_49', departDateTime=2016-08-29T21:01, mating=null, weight=2.224}
SnarkRecordEntity{arriveDateTime=2016-08-30T00:13, birdCert='Definitely', birdID='converted_id_for_49', departDateTime=2016-08-30T02:05, mating=null, weight=null}
SnarkRecordEntity{arriveDateTime=2016-08-30T03:04, birdCert='Definitely', birdID='converted_id_for_49', departDateTime=2016-08-30T06:01, mating=null, weight=null}
evening=2016-08-30
SnarkRecordEntity{arriveDateTime=2016-08-30T17:52, birdCert='Definitely', birdID='converted_id_for_33', departDateTime=2016-08-30T18:48, mating=null, weight=1.497}
SnarkRecordEntity{arriveDateTime=2016-08-30T19:56, birdCert='Definitely', birdID='converted_id_for_33', departDateTime=2016-08-30T20:19, mating=null, weight=null}
SnarkRecordEntity{arriveDateTime=2016-08-30T21:56, birdCert='Definitely', birdID='converted_id_for_33', departDateTime=2016-08-30T22:16, mating=null, weight=null}
SnarkRecordEntity{arriveDateTime=2016-08-31T06:57, birdCert='Definitely', birdID='converted_id_for_33', departDateTime=2016-08-31T08:45, mating=null, weight=null}
SnarkRecordEntity{arriveDateTime=2016-08-30T19:08, birdCert='Definitely', birdID='converted_id_for_49', departDateTime=2016-08-30T23:04, mating=null, weight=2.28}
SnarkRecordEntity{arriveDateTime=2016-08-31T01:17, birdCert='Definitely', birdID='converted_id_for_49', departDateTime=2016-08-31T02:43, mating=null, weight=null}
SnarkRecordEntity{arriveDateTime=2016-08-31T04:46, birdCert='Definitely', birdID='converted_id_for_49', departDateTime=2016-08-31T05:45, mating=null, weight=null}
SnarkRecordEntity{arriveDateTime=2016-08-31T06:08, birdCert='Definitely', birdID='converted_id_for_49', departDateTime=2016-08-31T06:22, mating=null, weight=null}
evening=2016-08-31
SnarkRecordEntity{arriveDateTime=2016-08-31T18:20, birdCert='Definitely', birdID='converted_id_for_33', departDateTime=2016-08-31T18:52, mating=null, weight=1.463}
SnarkRecordEntity{arriveDateTime=2016-09-01T06:30, birdCert='Definitely', birdID='converted_id_for_33', departDateTime=2016-09-01T09:47, mating=null, weight=null}
SnarkRecordEntity{arriveDateTime=2016-08-31T18:52, birdCert='Definitely', birdID='converted_id_for_49', departDateTime=2016-08-31T19:17, mating=null, weight=2.248}
SnarkRecordEntity{arriveDateTime=2016-08-31T20:53, birdCert='Definitely', birdID='converted_id_for_49', departDateTime=2016-08-31T22:47, mating=null, weight=null}
evening=2016-09-01
SnarkRecordEntity{arriveDateTime=2016-09-01T15:12, birdCert='Definitely', birdID='converted_id_for_33', departDateTime=2016-09-01T15:12, mating=null, weight=null}
SnarkRecordEntity{arriveDateTime=2016-09-01T17:56, birdCert='Definitely', birdID='converted_id_for_33', departDateTime=2016-09-01T18:43, mating=null, weight=1.467}
SnarkRecordEntity{arriveDateTime=2016-09-01T23:44, birdCert='Definitely', birdID='converted_id_for_33', departDateTime=2016-09-02T01:34, mating=null, weight=null}
SnarkRecordEntity{arriveDateTime=2016-09-02T02:56, birdCert='Definitely', birdID='converted_id_for_33', departDateTime=2016-09-02T04:47, mating=null, weight=null}
SnarkRecordEntity{arriveDateTime=2016-09-02T06:28, birdCert='Definitely', birdID='converted_id_for_33', departDateTime=2016-09-02T07:35, mating=null, weight=null}
SnarkRecordEntity{arriveDateTime=2016-09-01T18:59, birdCert='Definitely', birdID='converted_id_for_49', departDateTime=2016-09-01T23:02, mating=null, weight=2.276}
SnarkRecordEntity{arriveDateTime=2016-09-02T01:34, birdCert='Definitely', birdID='converted_id_for_49', departDateTime=2016-09-02T03:01, mating=null, weight=null}
SnarkRecordEntity{arriveDateTime=2016-09-02T04:46, birdCert='Definitely', birdID='converted_id_for_49', departDateTime=2016-09-02T05:42, mating=null, weight=null}
Mystery Weights
