Snark Records
evening=2016-09-14
SnarkRecordEntity{arriveDateTime=2016-09-14T18:41, birdCert='Definitely', birdID='converted_id_for_33', departDateTime=2016-09-14T19:31, mating=null, weight=1.395}
SnarkRecordEntity{arriveDateTime=2016-09-14T21:48, birdCert='Definitely', birdID='converted_id_for_33', departDateTime=2016-09-14T22:54, mating=null, weight=null}
SnarkRecordEntity{arriveDateTime=2016-09-15T01:52, birdCert='Definitely', birdID='converted_id_for_33', departDateTime=2016-09-15T03:29, mating=null, weight=null}
SnarkRecordEntity{arriveDateTime=2016-09-14T21:12, birdCert='Definitely', birdID='converted_id_for_49', departDateTime=2016-09-14T22:54, mating=null, weight=2.264}
SnarkRecordEntity{arriveDateTime=2016-09-14T23:25, birdCert='Definitely', birdID='converted_id_for_49', departDateTime=2016-09-15T00:47, mating=null, weight=null}
SnarkRecordEntity{arriveDateTime=2016-09-15T03:59, birdCert='Definitely', birdID='converted_id_for_49', departDateTime=2016-09-15T05:34, mating=null, weight=null}
evening=2016-09-15
SnarkRecordEntity{arriveDateTime=2016-09-15T19:52, birdCert='Definitely', birdID='converted_id_for_49', departDateTime=2016-09-15T19:58, mating=null, weight=null}
SnarkRecordEntity{arriveDateTime=2016-09-16T02:48, birdCert='Definitely', birdID='converted_id_for_49', departDateTime=2016-09-16T06:35, mating=null, weight=2.32}
SnarkRecordEntity{arriveDateTime=2016-09-15T20:30, birdCert='Definitely', birdID='converted_id_for_33', departDateTime=2016-09-15T20:30, mating=null, weight=null}
SnarkRecordEntity{arriveDateTime=2016-09-15T20:47, birdCert='Definitely', birdID='converted_id_for_33', departDateTime=2016-09-15T21:32, mating=null, weight=1.399}
SnarkRecordEntity{arriveDateTime=2016-09-16T01:12, birdCert='Definitely', birdID='converted_id_for_33', departDateTime=2016-09-16T02:34, mating=null, weight=null}
SnarkRecordEntity{arriveDateTime=2016-09-16T05:07, birdCert='Definitely', birdID='converted_id_for_33', departDateTime=2016-09-16T05:36, mating=null, weight=null}
SnarkRecordEntity{arriveDateTime=2016-09-16T06:47, birdCert='Definitely', birdID='converted_id_for_33', departDateTime=2016-09-16T07:57, mating=null, weight=null}
SnarkRecordEntity{arriveDateTime=2016-09-16T06:11, birdCert='Definitely', birdID='converted_id_for_12', departDateTime=2016-09-16T06:11, mating=null, weight=null}
evening=2016-09-16
SnarkRecordEntity{arriveDateTime=2016-09-16T19:19, birdCert='Definitely', birdID='converted_id_for_49', departDateTime=2016-09-16T19:49, mating=null, weight=2.3}
SnarkRecordEntity{arriveDateTime=2016-09-16T20:41, birdCert='Definitely', birdID='converted_id_for_49', departDateTime=2016-09-16T22:15, mating=null, weight=null}
SnarkRecordEntity{arriveDateTime=2016-09-17T03:00, birdCert='Definitely', birdID='converted_id_for_49', departDateTime=2016-09-17T05:55, mating=null, weight=null}
SnarkRecordEntity{arriveDateTime=2016-09-16T20:35, birdCert='Definitely', birdID='converted_id_for_33', departDateTime=2016-09-17T01:38, mating=null, weight=1.387}
SnarkRecordEntity{arriveDateTime=2016-09-17T06:35, birdCert='Definitely', birdID='converted_id_for_33', departDateTime=2016-09-17T07:17, mating=null, weight=null}
evening=2016-09-17
SnarkRecordEntity{arriveDateTime=2016-09-17T19:43, birdCert='Definitely', birdID='converted_id_for_49', departDateTime=2016-09-17T19:46, mating=null, weight=null}
SnarkRecordEntity{arriveDateTime=2016-09-18T01:20, birdCert='Definitely', birdID='converted_id_for_49', departDateTime=2016-09-18T02:07, mating=null, weight=2.296}
SnarkRecordEntity{arriveDateTime=2016-09-18T04:46, birdCert='Definitely', birdID='converted_id_for_49', departDateTime=2016-09-18T05:19, mating=null, weight=null}
SnarkRecordEntity{arriveDateTime=2016-09-18T06:26, birdCert='Definitely', birdID='converted_id_for_49', departDateTime=2016-09-18T06:30, mating=null, weight=null}
SnarkRecordEntity{arriveDateTime=2016-09-18T00:33, birdCert='Definitely', birdID='converted_id_for_33', departDateTime=2016-09-18T01:05, mating=null, weight=1.439}
SnarkRecordEntity{arriveDateTime=2016-09-18T02:52, birdCert='Definitely', birdID='converted_id_for_33', departDateTime=2016-09-18T04:10, mating=null, weight=null}
SnarkRecordEntity{arriveDateTime=2016-09-18T06:46, birdCert='Definitely', birdID='converted_id_for_33', departDateTime=2016-09-18T08:27, mating=null, weight=null}
Mystery Weights
