Snark Records
evening=2016-08-25
SnarkRecordEntity{arriveDateTime=2016-08-25T17:28, birdCert='Definitely', birdID='converted_id_for_33', departDateTime=2016-08-25T18:47, mating=null, weight=1.443}
SnarkRecordEntity{arriveDateTime=2016-08-26T06:44, birdCert='Definitely', birdID='converted_id_for_33', departDateTime=2016-08-26T08:51, mating=null, weight=null}
SnarkRecordEntity{arriveDateTime=2016-08-25T18:48, birdCert='Definitely', birdID='converted_id_for_49', departDateTime=2016-08-25T21:50, mating=null, weight=2.2}
SnarkRecordEntity{arriveDateTime=2016-08-26T02:42, birdCert='Definitely', birdID='converted_id_for_49', departDateTime=2016-08-26T03:28, mating=null, weight=null}
SnarkRecordEntity{arriveDateTime=2016-08-26T04:07, birdCert='Definitely', birdID='converted_id_for_49', departDateTime=2016-08-26T06:02, mating=null, weight=null}
evening=2016-08-26
SnarkRecordEntity{arriveDateTime=2016-08-26T16:43, birdCert='Definitely', birdID='converted_id_for_33', departDateTime=2016-08-26T17:48, mating=null, weight=1.459}
SnarkRecordEntity{arriveDateTime=2016-08-27T06:43, birdCert='Definitely', birdID='converted_id_for_33', departDateTime=2016-08-27T09:11, mating=null, weight=null}
SnarkRecordEntity{arriveDateTime=2016-08-26T19:40, birdCert='Definitely', birdID='converted_id_for_49', departDateTime=2016-08-26T20:43, mating=null, weight=2.228}
SnarkRecordEntity{arriveDateTime=2016-08-27T01:52, birdCert='Definitely', birdID='converted_id_for_49', departDateTime=2016-08-27T03:57, mating=null, weight=null}
evening=2016-08-27
SnarkRecordEntity{arriveDateTime=2016-08-27T18:00, birdCert='Definitely', birdID='converted_id_for_33', departDateTime=2016-08-27T18:44, mating=null, weight=1.421}
SnarkRecordEntity{arriveDateTime=2016-08-27T19:19, birdCert='Definitely', birdID='converted_id_for_33', departDateTime=2016-08-27T20:12, mating=null, weight=null}
SnarkRecordEntity{arriveDateTime=2016-08-27T20:32, birdCert='Definitely', birdID='converted_id_for_33', departDateTime=2016-08-27T20:50, mating=null, weight=null}
SnarkRecordEntity{arriveDateTime=2016-08-28T00:07, birdCert='Definitely', birdID='converted_id_for_33', departDateTime=2016-08-28T01:35, mating=null, weight=null}
SnarkRecordEntity{arriveDateTime=2016-08-28T03:42, birdCert='Definitely', birdID='converted_id_for_33', departDateTime=2016-08-28T04:06, mating=null, weight=null}
SnarkRecordEntity{arriveDateTime=2016-08-28T06:11, birdCert='Definitely', birdID='converted_id_for_33', departDateTime=2016-08-28T08:14, mating=null, weight=null}
SnarkRecordEntity{arriveDateTime=2016-08-28T11:42, birdCert='Definitely', birdID='converted_id_for_33', departDateTime=, mating=null, weight=null}
SnarkRecordEntity{arriveDateTime=2016-08-27T19:02, birdCert='Definitely', birdID='converted_id_for_49', departDateTime=2016-08-27T20:50, mating=null, weight=2.238}
SnarkRecordEntity{arriveDateTime=2016-08-27T21:12, birdCert='Definitely', birdID='converted_id_for_49', departDateTime=2016-08-27T22:39, mating=null, weight=null}
SnarkRecordEntity{arriveDateTime=2016-08-28T01:36, birdCert='Definitely', birdID='converted_id_for_49', departDateTime=2016-08-28T05:03, mating=null, weight=null}
evening=2016-08-28
SnarkRecordEntity{arriveDateTime=2016-08-28T17:24, birdCert='Definitely', birdID='converted_id_for_33', departDateTime=2016-08-28T18:43, mating=null, weight=1.483}
SnarkRecordEntity{arriveDateTime=2016-08-29T00:18, birdCert='Definitely', birdID='converted_id_for_33', departDateTime=2016-08-29T00:43, mating=null, weight=null}
SnarkRecordEntity{arriveDateTime=2016-08-29T06:36, birdCert='Definitely', birdID='converted_id_for_33', departDateTime=2016-08-29T06:53, mating=null, weight=null}
SnarkRecordEntity{arriveDateTime=2016-08-29T07:27, birdCert='Definitely', birdID='converted_id_for_33', departDateTime=2016-08-29T08:30, mating=null, weight=null}
SnarkRecordEntity{arriveDateTime=2016-08-28T18:54, birdCert='Definitely', birdID='converted_id_for_49', departDateTime=2016-08-28T22:00, mating=null, weight=2.256}
SnarkRecordEntity{arriveDateTime=2016-08-29T00:42, birdCert='Definitely', birdID='converted_id_for_49', departDateTime=2016-08-29T00:57, mating=null, weight=null}
SnarkRecordEntity{arriveDateTime=2016-08-29T02:22, birdCert='Definitely', birdID='converted_id_for_49', departDateTime=2016-08-29T03:11, mating=null, weight=null}
SnarkRecordEntity{arriveDateTime=2016-08-29T06:32, birdCert='Definitely', birdID='converted_id_for_49', departDateTime=2016-08-29T06:35, mating=null, weight=null}
SnarkRecordEntity{arriveDateTime=2016-08-29T06:53, birdCert='Definitely', birdID='converted_id_for_12', departDateTime=2016-08-29T07:04, mating=null, weight=null}
Mystery Weights
